Archive member included to satisfy reference by file (symbol)

/home/wako/Ac6/SystemWorkbench/plugins/fr.ac6.mcu.externaltools.arm-none.linux64_1.15.0.201708311556/tools/compiler/bin/../lib/gcc/arm-none-eabi/6.3.1/../../../../arm-none-eabi/lib/thumb/v7e-m/fpv4-sp/hard/libstdc++_nano.a(del_ops.o)
                              Src/LedBlink.o (operator delete(void*, unsigned int))
/home/wako/Ac6/SystemWorkbench/plugins/fr.ac6.mcu.externaltools.arm-none.linux64_1.15.0.201708311556/tools/compiler/bin/../lib/gcc/arm-none-eabi/6.3.1/../../../../arm-none-eabi/lib/thumb/v7e-m/fpv4-sp/hard/libstdc++_nano.a(del_op.o)
                              /home/wako/Ac6/SystemWorkbench/plugins/fr.ac6.mcu.externaltools.arm-none.linux64_1.15.0.201708311556/tools/compiler/bin/../lib/gcc/arm-none-eabi/6.3.1/../../../../arm-none-eabi/lib/thumb/v7e-m/fpv4-sp/hard/libstdc++_nano.a(del_ops.o) (operator delete(void*))
/home/wako/Ac6/SystemWorkbench/plugins/fr.ac6.mcu.externaltools.arm-none.linux64_1.15.0.201708311556/tools/compiler/bin/../lib/gcc/arm-none-eabi/6.3.1/../../../../arm-none-eabi/lib/thumb/v7e-m/fpv4-sp/hard/libc_nano.a(lib_a-exit.o)
                              /home/wako/Ac6/SystemWorkbench/plugins/fr.ac6.mcu.externaltools.arm-none.linux64_1.15.0.201708311556/tools/compiler/bin/../lib/gcc/arm-none-eabi/6.3.1/../../../../arm-none-eabi/lib/thumb/v7e-m/fpv4-sp/hard/crt0.o (exit)
/home/wako/Ac6/SystemWorkbench/plugins/fr.ac6.mcu.externaltools.arm-none.linux64_1.15.0.201708311556/tools/compiler/bin/../lib/gcc/arm-none-eabi/6.3.1/../../../../arm-none-eabi/lib/thumb/v7e-m/fpv4-sp/hard/libc_nano.a(lib_a-impure.o)
                              /home/wako/Ac6/SystemWorkbench/plugins/fr.ac6.mcu.externaltools.arm-none.linux64_1.15.0.201708311556/tools/compiler/bin/../lib/gcc/arm-none-eabi/6.3.1/../../../../arm-none-eabi/lib/thumb/v7e-m/fpv4-sp/hard/libc_nano.a(lib_a-exit.o) (_global_impure_ptr)
/home/wako/Ac6/SystemWorkbench/plugins/fr.ac6.mcu.externaltools.arm-none.linux64_1.15.0.201708311556/tools/compiler/bin/../lib/gcc/arm-none-eabi/6.3.1/../../../../arm-none-eabi/lib/thumb/v7e-m/fpv4-sp/hard/libc_nano.a(lib_a-init.o)
                              /home/wako/Ac6/SystemWorkbench/plugins/fr.ac6.mcu.externaltools.arm-none.linux64_1.15.0.201708311556/tools/compiler/bin/../lib/gcc/arm-none-eabi/6.3.1/../../../../arm-none-eabi/lib/thumb/v7e-m/fpv4-sp/hard/crt0.o (__libc_init_array)
/home/wako/Ac6/SystemWorkbench/plugins/fr.ac6.mcu.externaltools.arm-none.linux64_1.15.0.201708311556/tools/compiler/bin/../lib/gcc/arm-none-eabi/6.3.1/../../../../arm-none-eabi/lib/thumb/v7e-m/fpv4-sp/hard/libc_nano.a(lib_a-malloc.o)
                              /home/wako/Ac6/SystemWorkbench/plugins/fr.ac6.mcu.externaltools.arm-none.linux64_1.15.0.201708311556/tools/compiler/bin/../lib/gcc/arm-none-eabi/6.3.1/../../../../arm-none-eabi/lib/thumb/v7e-m/fpv4-sp/hard/libstdc++_nano.a(del_op.o) (free)
/home/wako/Ac6/SystemWorkbench/plugins/fr.ac6.mcu.externaltools.arm-none.linux64_1.15.0.201708311556/tools/compiler/bin/../lib/gcc/arm-none-eabi/6.3.1/../../../../arm-none-eabi/lib/thumb/v7e-m/fpv4-sp/hard/libc_nano.a(lib_a-memset.o)
                              /home/wako/Ac6/SystemWorkbench/plugins/fr.ac6.mcu.externaltools.arm-none.linux64_1.15.0.201708311556/tools/compiler/bin/../lib/gcc/arm-none-eabi/6.3.1/../../../../arm-none-eabi/lib/thumb/v7e-m/fpv4-sp/hard/crt0.o (memset)
/home/wako/Ac6/SystemWorkbench/plugins/fr.ac6.mcu.externaltools.arm-none.linux64_1.15.0.201708311556/tools/compiler/bin/../lib/gcc/arm-none-eabi/6.3.1/../../../../arm-none-eabi/lib/thumb/v7e-m/fpv4-sp/hard/libc_nano.a(lib_a-nano-freer.o)
                              /home/wako/Ac6/SystemWorkbench/plugins/fr.ac6.mcu.externaltools.arm-none.linux64_1.15.0.201708311556/tools/compiler/bin/../lib/gcc/arm-none-eabi/6.3.1/../../../../arm-none-eabi/lib/thumb/v7e-m/fpv4-sp/hard/libc_nano.a(lib_a-malloc.o) (_free_r)
/home/wako/Ac6/SystemWorkbench/plugins/fr.ac6.mcu.externaltools.arm-none.linux64_1.15.0.201708311556/tools/compiler/bin/../lib/gcc/arm-none-eabi/6.3.1/../../../../arm-none-eabi/lib/thumb/v7e-m/fpv4-sp/hard/libc_nano.a(lib_a-nano-mallocr.o)
                              /home/wako/Ac6/SystemWorkbench/plugins/fr.ac6.mcu.externaltools.arm-none.linux64_1.15.0.201708311556/tools/compiler/bin/../lib/gcc/arm-none-eabi/6.3.1/../../../../arm-none-eabi/lib/thumb/v7e-m/fpv4-sp/hard/libc_nano.a(lib_a-malloc.o) (_malloc_r)
/home/wako/Ac6/SystemWorkbench/plugins/fr.ac6.mcu.externaltools.arm-none.linux64_1.15.0.201708311556/tools/compiler/bin/../lib/gcc/arm-none-eabi/6.3.1/../../../../arm-none-eabi/lib/thumb/v7e-m/fpv4-sp/hard/libc_nano.a(lib_a-sbrkr.o)
                              /home/wako/Ac6/SystemWorkbench/plugins/fr.ac6.mcu.externaltools.arm-none.linux64_1.15.0.201708311556/tools/compiler/bin/../lib/gcc/arm-none-eabi/6.3.1/../../../../arm-none-eabi/lib/thumb/v7e-m/fpv4-sp/hard/libc_nano.a(lib_a-nano-mallocr.o) (_sbrk_r)
[...]
Memory Configuration

Name             Origin             Length             Attributes
RAM              0x0000000020000000 0x0000000000018000 xrw
FLASH            0x0000000008000000 0x0000000000080000 xr
*default*        0x0000000000000000 0xffffffffffffffff

Linker script and memory map

LOAD /home/wako/Ac6/SystemWorkbench/plugins/fr.ac6.mcu.externaltools.arm-none.linux64_1.15.0.201708311556/tools/compiler/bin/../lib/gcc/arm-none-eabi/6.3.1/thumb/v7e-m/fpv4-sp/hard/crti.o
LOAD /home/wako/Ac6/SystemWorkbench/plugins/fr.ac6.mcu.externaltools.arm-none.linux64_1.15.0.201708311556/tools/compiler/bin/../lib/gcc/arm-none-eabi/6.3.1/thumb/v7e-m/fpv4-sp/hard/crtbegin.o
LOAD /home/wako/Ac6/SystemWorkbench/plugins/fr.ac6.mcu.externaltools.arm-none.linux64_1.15.0.201708311556/tools/compiler/bin/../lib/gcc/arm-none-eabi/6.3.1/../../../../arm-none-eabi/lib/thumb/v7e-m/fpv4-sp/hard/crt0.o
LOAD Drivers/STM32F4xx_HAL_Driver/Src/stm32f4xx_hal.o
LOAD Drivers/STM32F4xx_HAL_Driver/Src/stm32f4xx_hal_cortex.o
LOAD Drivers/STM32F4xx_HAL_Driver/Src/stm32f4xx_hal_dma.o
LOAD Drivers/STM32F4xx_HAL_Driver/Src/stm32f4xx_hal_dma_ex.o
LOAD Drivers/STM32F4xx_HAL_Driver/Src/stm32f4xx_hal_flash.o
LOAD Drivers/STM32F4xx_HAL_Driver/Src/stm32f4xx_hal_flash_ex.o
LOAD Drivers/STM32F4xx_HAL_Driver/Src/stm32f4xx_hal_flash_ramfunc.o
LOAD Drivers/STM32F4xx_HAL_Driver/Src/stm32f4xx_hal_gpio.o
LOAD Drivers/STM32F4xx_HAL_Driver/Src/stm32f4xx_hal_pwr.o
LOAD Drivers/STM32F4xx_HAL_Driver/Src/stm32f4xx_hal_pwr_ex.o
LOAD Drivers/STM32F4xx_HAL_Driver/Src/stm32f4xx_hal_rcc.o
LOAD Drivers/STM32F4xx_HAL_Driver/Src/stm32f4xx_hal_rcc_ex.o
LOAD Drivers/STM32F4xx_HAL_Driver/Src/stm32f4xx_hal_tim.o
LOAD Drivers/STM32F4xx_HAL_Driver/Src/stm32f4xx_hal_tim_ex.o
LOAD Drivers/STM32F4xx_HAL_Driver/Src/stm32f4xx_hal_uart.o
LOAD Src/LedBlink.o
LOAD Src/UsartUtility.o
LOAD Src/cppwrapper.o
LOAD Src/main.o
LOAD Src/stm32f4xx_hal_msp.o
LOAD Src/stm32f4xx_it.o
LOAD Src/system_stm32f4xx.o
LOAD Src/xprintf.o
LOAD startup/startup_stm32f401xe.o
LOAD /home/wako/Ac6/SystemWorkbench/plugins/fr.ac6.mcu.externaltools.arm-none.linux64_1.15.0.201708311556/tools/compiler/bin/../lib/gcc/arm-none-eabi/6.3.1/../../../../arm-none-eabi/lib/thumb/v7e-m/fpv4-sp/hard/libstdc++_nano.a
LOAD /home/wako/Ac6/SystemWorkbench/plugins/fr.ac6.mcu.externaltools.arm-none.linux64_1.15.0.201708311556/tools/compiler/bin/../lib/gcc/arm-none-eabi/6.3.1/../../../../arm-none-eabi/lib/thumb/v7e-m/fpv4-sp/hard/libm.a
START GROUP
LOAD /home/wako/Ac6/SystemWorkbench/plugins/fr.ac6.mcu.externaltools.arm-none.linux64_1.15.0.201708311556/tools/compiler/bin/../lib/gcc/arm-none-eabi/6.3.1/thumb/v7e-m/fpv4-sp/hard/libgcc.a
LOAD /home/wako/Ac6/SystemWorkbench/plugins/fr.ac6.mcu.externaltools.arm-none.linux64_1.15.0.201708311556/tools/compiler/bin/../lib/gcc/arm-none-eabi/6.3.1/../../../../arm-none-eabi/lib/thumb/v7e-m/fpv4-sp/hard/libc_nano.a
END GROUP
START GROUP
LOAD /home/wako/Ac6/SystemWorkbench/plugins/fr.ac6.mcu.externaltools.arm-none.linux64_1.15.0.201708311556/tools/compiler/bin/../lib/gcc/arm-none-eabi/6.3.1/thumb/v7e-m/fpv4-sp/hard/libgcc.a
LOAD /home/wako/Ac6/SystemWorkbench/plugins/fr.ac6.mcu.externaltools.arm-none.linux64_1.15.0.201708311556/tools/compiler/bin/../lib/gcc/arm-none-eabi/6.3.1/../../../../arm-none-eabi/lib/thumb/v7e-m/fpv4-sp/hard/libc_nano.a
LOAD /home/wako/Ac6/SystemWorkbench/plugins/fr.ac6.mcu.externaltools.arm-none.linux64_1.15.0.201708311556/tools/compiler/bin/../lib/gcc/arm-none-eabi/6.3.1/../../../../arm-none-eabi/lib/thumb/v7e-m/fpv4-sp/hard/libnosys.a
END GROUP
START GROUP
LOAD /home/wako/Ac6/SystemWorkbench/plugins/fr.ac6.mcu.externaltools.arm-none.linux64_1.15.0.201708311556/tools/compiler/bin/../lib/gcc/arm-none-eabi/6.3.1/thumb/v7e-m/fpv4-sp/hard/libgcc.a
LOAD /home/wako/Ac6/SystemWorkbench/plugins/fr.ac6.mcu.externaltools.arm-none.linux64_1.15.0.201708311556/tools/compiler/bin/../lib/gcc/arm-none-eabi/6.3.1/../../../../arm-none-eabi/lib/thumb/v7e-m/fpv4-sp/hard/libc_nano.a
LOAD /home/wako/Ac6/SystemWorkbench/plugins/fr.ac6.mcu.externaltools.arm-none.linux64_1.15.0.201708311556/tools/compiler/bin/../lib/gcc/arm-none-eabi/6.3.1/../../../../arm-none-eabi/lib/thumb/v7e-m/fpv4-sp/hard/libnosys.a
END GROUP
LOAD /home/wako/Ac6/SystemWorkbench/plugins/fr.ac6.mcu.externaltools.arm-none.linux64_1.15.0.201708311556/tools/compiler/bin/../lib/gcc/arm-none-eabi/6.3.1/thumb/v7e-m/fpv4-sp/hard/crtend.o
LOAD /home/wako/Ac6/SystemWorkbench/plugins/fr.ac6.mcu.externaltools.arm-none.linux64_1.15.0.201708311556/tools/compiler/bin/../lib/gcc/arm-none-eabi/6.3.1/thumb/v7e-m/fpv4-sp/hard/crtn.o
                0x0000000020018000                _estack = 0x20018000
                0x0000000000000200                _Min_Heap_Size = 0x200
                0x0000000000000400                _Min_Stack_Size = 0x400

.isr_vector     0x0000000008000000      0x194
                0x0000000008000000                . = ALIGN (0x4)
 *(.isr_vector)
 .isr_vector    0x0000000008000000      0x194 startup/startup_stm32f401xe.o
                0x0000000008000000                g_pfnVectors
                0x0000000008000194                . = ALIGN (0x4)

.text           0x0000000008000194     0x148c
                0x0000000008000194                . = ALIGN (0x4)
 *(.text)
 .text          0x0000000008000194       0x6c /home/wako/Ac6/SystemWorkbench/plugins/fr.ac6.mcu.externaltools.arm-none.linux64_1.15.0.201708311556/tools/compiler/bin/../lib/gcc/arm-none-eabi/6.3.1/thumb/v7e-m/fpv4-sp/hard/crtbegin.o
 *(.text*)
 .text.HAL_InitTick
                0x0000000008000200       0x2c Drivers/STM32F4xx_HAL_Driver/Src/stm32f4xx_hal.o
                0x0000000008000200                HAL_InitTick
 .text.HAL_Init
                0x000000000800022c       0x34 Drivers/STM32F4xx_HAL_Driver/Src/stm32f4xx_hal.o
                0x000000000800022c                HAL_Init
 .text.HAL_IncTick
                0x0000000008000260       0x10 Drivers/STM32F4xx_HAL_Driver/Src/stm32f4xx_hal.o
                0x0000000008000260                HAL_IncTick
 .text.HAL_GetTick
                0x0000000008000270        0xc Drivers/STM32F4xx_HAL_Driver/Src/stm32f4xx_hal.o
                0x0000000008000270                HAL_GetTick
 .text.HAL_Delay
                0x000000000800027c       0x24 Drivers/STM32F4xx_HAL_Driver/Src/stm32f4xx_hal.o
                0x000000000800027c                HAL_Delay
 .text.HAL_NVIC_SetPriorityGrouping
                0x00000000080002a0       0x24 Drivers/STM32F4xx_HAL_Driver/Src/stm32f4xx_hal_cortex.o
                0x00000000080002a0                HAL_NVIC_SetPriorityGrouping
 .text.HAL_NVIC_SetPriority
                0x00000000080002c4       0x64 Drivers/STM32F4xx_HAL_Driver/Src/stm32f4xx_hal_cortex.o
                0x00000000080002c4                HAL_NVIC_SetPriority
 .text.HAL_SYSTICK_Config
                0x0000000008000328       0x2c Drivers/STM32F4xx_HAL_Driver/Src/stm32f4xx_hal_cortex.o
                0x0000000008000328                HAL_SYSTICK_Config
 .text.HAL_SYSTICK_CLKSourceConfig
                0x0000000008000354       0x20 Drivers/STM32F4xx_HAL_Driver/Src/stm32f4xx_hal_cortex.o
                0x0000000008000354                HAL_SYSTICK_CLKSourceConfig
 .text.HAL_SYSTICK_Callback
                0x0000000008000374        0x2 Drivers/STM32F4xx_HAL_Driver/Src/stm32f4xx_hal_cortex.o
                0x0000000008000374                HAL_SYSTICK_Callback
 .text.HAL_SYSTICK_IRQHandler
                0x0000000008000376        0x8 Drivers/STM32F4xx_HAL_Driver/Src/stm32f4xx_hal_cortex.o
                0x0000000008000376                HAL_SYSTICK_IRQHandler
 *fill*         0x000000000800037e        0x2 
 .text.HAL_GPIO_Init
                0x0000000008000380      0x1a8 Drivers/STM32F4xx_HAL_Driver/Src/stm32f4xx_hal_gpio.o
                0x0000000008000380                HAL_GPIO_Init
 .text.HAL_GPIO_WritePin
                0x0000000008000528        0xc Drivers/STM32F4xx_HAL_Driver/Src/stm32f4xx_hal_gpio.o
                0x0000000008000528                HAL_GPIO_WritePin
 .text.HAL_GPIO_TogglePin
                0x0000000008000534        0x8 Drivers/STM32F4xx_HAL_Driver/Src/stm32f4xx_hal_gpio.o
                0x0000000008000534                HAL_GPIO_TogglePin
 .text.HAL_RCC_OscConfig
                0x000000000800053c      0x3b0 Drivers/STM32F4xx_HAL_Driver/Src/stm32f4xx_hal_rcc.o
                0x000000000800053c                HAL_RCC_OscConfig
 .text.HAL_RCC_GetSysClockFreq
                0x00000000080008ec       0x94 Drivers/STM32F4xx_HAL_Driver/Src/stm32f4xx_hal_rcc.o
                0x00000000080008ec                HAL_RCC_GetSysClockFreq
 .text.HAL_RCC_ClockConfig
                0x0000000008000980      0x19c Drivers/STM32F4xx_HAL_Driver/Src/stm32f4xx_hal_rcc.o
                0x0000000008000980                HAL_RCC_ClockConfig
 .text.HAL_RCC_GetHCLKFreq
                0x0000000008000b1c        0xc Drivers/STM32F4xx_HAL_Driver/Src/stm32f4xx_hal_rcc.o
                0x0000000008000b1c                HAL_RCC_GetHCLKFreq
 .text.HAL_RCC_GetPCLK1Freq
                0x0000000008000b28       0x2c Drivers/STM32F4xx_HAL_Driver/Src/stm32f4xx_hal_rcc.o
                0x0000000008000b28                HAL_RCC_GetPCLK1Freq
 .text.HAL_RCC_GetPCLK2Freq
                0x0000000008000b54       0x2c Drivers/STM32F4xx_HAL_Driver/Src/stm32f4xx_hal_rcc.o
                0x0000000008000b54                HAL_RCC_GetPCLK2Freq
 .text.UART_SetConfig
                0x0000000008000b80      0x344 Drivers/STM32F4xx_HAL_Driver/Src/stm32f4xx_hal_uart.o
 .text.UART_WaitOnFlagUntilTimeout
                0x0000000008000ec4       0x64 Drivers/STM32F4xx_HAL_Driver/Src/stm32f4xx_hal_uart.o
 .text.HAL_UART_Init
                0x0000000008000f28       0x5e Drivers/STM32F4xx_HAL_Driver/Src/stm32f4xx_hal_uart.o
                0x0000000008000f28                HAL_UART_Init
 .text.HAL_UART_Transmit
                0x0000000008000f86       0xe2 Drivers/STM32F4xx_HAL_Driver/Src/stm32f4xx_hal_uart.o
                0x0000000008000f86                HAL_UART_Transmit
 .text._ZN8LedBlinkC2Ev
                0x0000000008001068       0x20 Src/LedBlink.o
                0x0000000008001068                LedBlink::LedBlink()
                0x0000000008001068                LedBlink::LedBlink()
 .text._ZN8LedBlinkD2Ev
                0x0000000008001088       0x20 Src/LedBlink.o
                0x0000000008001088                LedBlink::~LedBlink()
                0x0000000008001088                LedBlink::~LedBlink()
 .text._ZN8LedBlinkD0Ev
                0x00000000080010a8       0x20 Src/LedBlink.o
                0x00000000080010a8                LedBlink::~LedBlink()
 .text._ZN8LedBlink6ToggleEv
                0x00000000080010c8       0x24 Src/LedBlink.o
                0x00000000080010c8                LedBlink::Toggle()
 .text._ZN12UsartUtilityC2EP13USART_TypeDefm
                0x00000000080010ec       0x5c Src/UsartUtility.o
                0x00000000080010ec                UsartUtility::UsartUtility(USART_TypeDef*, unsigned long)
                0x00000000080010ec                UsartUtility::UsartUtility(USART_TypeDef*, unsigned long)
 .text._ZN12UsartUtility5_putcEh
                0x0000000008001148       0x28 Src/UsartUtility.o
                0x0000000008001148                UsartUtility::_putc(unsigned char)
 .text._ZN12UsartUtility5_putsEPc
                0x0000000008001170       0x2c Src/UsartUtility.o
                0x0000000008001170                UsartUtility::_puts(char*)
 .text._ZN12UsartUtilityD2Ev
                0x000000000800119c       0x20 Src/UsartUtility.o
                0x000000000800119c                UsartUtility::~UsartUtility()
                0x000000000800119c                UsartUtility::~UsartUtility()
 .text._ZN12UsartUtilityD0Ev
                0x00000000080011bc       0x20 Src/UsartUtility.o
                0x00000000080011bc                UsartUtility::~UsartUtility()
 .text.cppLoop  0x00000000080011dc       0x54 Src/cppwrapper.o
                0x00000000080011dc                cppLoop
 .text.MX_GPIO_Init
                0x0000000008001230       0xa0 Src/main.o
 .text._Error_Handler
                0x00000000080012d0        0x2 Src/main.o
                0x00000000080012d0                _Error_Handler
 *fill*         0x00000000080012d2        0x2 
 .text.SystemClock_Config
                0x00000000080012d4       0xc4 Src/main.o
                0x00000000080012d4                SystemClock_Config
 .text.main     0x0000000008001398       0x14 Src/main.o
                0x0000000008001398                main
 .text.HAL_MspInit
                0x00000000080013ac       0x5e Src/stm32f4xx_hal_msp.o
                0x00000000080013ac                HAL_MspInit
 *fill*         0x000000000800140a        0x2 
 .text.HAL_UART_MspInit
                0x000000000800140c       0x50 Src/stm32f4xx_hal_msp.o
                0x000000000800140c                HAL_UART_MspInit
 .text.SysTick_Handler
                0x000000000800145c        0xc Src/stm32f4xx_it.o
                0x000000000800145c                SysTick_Handler
 .text.SystemInit
                0x0000000008001468       0x4c Src/system_stm32f4xx.o
                0x0000000008001468                SystemInit
 .text.Reset_Handler
                0x00000000080014b4       0x50 startup/startup_stm32f401xe.o
                0x00000000080014b4                Reset_Handler
 .text.Default_Handler
                0x0000000008001504        0x2 startup/startup_stm32f401xe.o
                0x0000000008001504                RTC_Alarm_IRQHandler
                0x0000000008001504                EXTI2_IRQHandler
                0x0000000008001504                DebugMon_Handler
                0x0000000008001504                SPI4_IRQHandler
                0x0000000008001504                TIM1_CC_IRQHandler
                0x0000000008001504                DMA2_Stream5_IRQHandler
                0x0000000008001504                HardFault_Handler
                0x0000000008001504                DMA1_Stream5_IRQHandler
                0x0000000008001504                PVD_IRQHandler
                0x0000000008001504                SDIO_IRQHandler
                0x0000000008001504                TAMP_STAMP_IRQHandler
                0x0000000008001504                PendSV_Handler
                0x0000000008001504                NMI_Handler
                0x0000000008001504                EXTI3_IRQHandler
                0x0000000008001504                TIM1_UP_TIM10_IRQHandler
                0x0000000008001504                I2C3_ER_IRQHandler
                0x0000000008001504                EXTI0_IRQHandler
                0x0000000008001504                I2C2_EV_IRQHandler
                0x0000000008001504                DMA1_Stream2_IRQHandler
                0x0000000008001504                FPU_IRQHandler
                0x0000000008001504                UsageFault_Handler
                0x0000000008001504                DMA2_Stream2_IRQHandler
                0x0000000008001504                SPI1_IRQHandler
                0x0000000008001504                TIM1_BRK_TIM9_IRQHandler
                0x0000000008001504                DMA2_Stream3_IRQHandler
                0x0000000008001504                USART6_IRQHandler
                0x0000000008001504                DMA2_Stream0_IRQHandler
                0x0000000008001504                TIM4_IRQHandler
                0x0000000008001504                I2C1_EV_IRQHandler
                0x0000000008001504                DMA1_Stream6_IRQHandler
                0x0000000008001504                DMA1_Stream1_IRQHandler
                0x0000000008001504                TIM3_IRQHandler
                0x0000000008001504                RCC_IRQHandler
                0x0000000008001504                Default_Handler
                0x0000000008001504                EXTI15_10_IRQHandler
                0x0000000008001504                ADC_IRQHandler
                0x0000000008001504                DMA1_Stream7_IRQHandler
                0x0000000008001504                TIM5_IRQHandler
                0x0000000008001504                DMA2_Stream7_IRQHandler
                0x0000000008001504                I2C3_EV_IRQHandler
                0x0000000008001504                EXTI9_5_IRQHandler
                0x0000000008001504                RTC_WKUP_IRQHandler
                0x0000000008001504                SPI2_IRQHandler
                0x0000000008001504                MemManage_Handler
                0x0000000008001504                DMA1_Stream0_IRQHandler
                0x0000000008001504                SVC_Handler
                0x0000000008001504                EXTI4_IRQHandler
                0x0000000008001504                WWDG_IRQHandler
                0x0000000008001504                TIM2_IRQHandler
                0x0000000008001504                OTG_FS_WKUP_IRQHandler
                0x0000000008001504                TIM1_TRG_COM_TIM11_IRQHandler
                0x0000000008001504                EXTI1_IRQHandler
                0x0000000008001504                USART2_IRQHandler
                0x0000000008001504                I2C2_ER_IRQHandler
                0x0000000008001504                DMA2_Stream1_IRQHandler
                0x0000000008001504                FLASH_IRQHandler
                0x0000000008001504                DMA2_Stream4_IRQHandler
                0x0000000008001504                BusFault_Handler
                0x0000000008001504                USART1_IRQHandler
                0x0000000008001504                OTG_FS_IRQHandler
                0x0000000008001504                SPI3_IRQHandler
                0x0000000008001504                DMA1_Stream4_IRQHandler
                0x0000000008001504                I2C1_ER_IRQHandler
                0x0000000008001504                DMA2_Stream6_IRQHandler
                0x0000000008001504                DMA1_Stream3_IRQHandler
 .text._ZdlPvj  0x0000000008001506        0x4 /home/wako/Ac6/SystemWorkbench/plugins/fr.ac6.mcu.externaltools.arm-none.linux64_1.15.0.201708311556/tools/compiler/bin/../lib/gcc/arm-none-eabi/6.3.1/../../../../arm-none-eabi/lib/thumb/v7e-m/fpv4-sp/hard/libstdc++_nano.a(del_ops.o)
                0x0000000008001506                operator delete(void*, unsigned int)
 .text._ZdlPv   0x000000000800150a        0x4 /home/wako/Ac6/SystemWorkbench/plugins/fr.ac6.mcu.externaltools.arm-none.linux64_1.15.0.201708311556/tools/compiler/bin/../lib/gcc/arm-none-eabi/6.3.1/../../../../arm-none-eabi/lib/thumb/v7e-m/fpv4-sp/hard/libstdc++_nano.a(del_op.o)
                0x000000000800150a                operator delete(void*)
 *fill*         0x000000000800150e        0x2 
 .text.__libc_init_array
                0x0000000008001510       0x48 /home/wako/Ac6/SystemWorkbench/plugins/fr.ac6.mcu.externaltools.arm-none.linux64_1.15.0.201708311556/tools/compiler/bin/../lib/gcc/arm-none-eabi/6.3.1/../../../../arm-none-eabi/lib/thumb/v7e-m/fpv4-sp/hard/libc_nano.a(lib_a-init.o)
                0x0000000008001510                __libc_init_array
 .text.free     0x0000000008001558       0x10 /home/wako/Ac6/SystemWorkbench/plugins/fr.ac6.mcu.externaltools.arm-none.linux64_1.15.0.201708311556/tools/compiler/bin/../lib/gcc/arm-none-eabi/6.3.1/../../../../arm-none-eabi/lib/thumb/v7e-m/fpv4-sp/hard/libc_nano.a(lib_a-malloc.o)
                0x0000000008001558                free
 .text._free_r  0x0000000008001568       0x9c /home/wako/Ac6/SystemWorkbench/plugins/fr.ac6.mcu.externaltools.arm-none.linux64_1.15.0.201708311556/tools/compiler/bin/../lib/gcc/arm-none-eabi/6.3.1/../../../../arm-none-eabi/lib/thumb/v7e-m/fpv4-sp/hard/libc_nano.a(lib_a-nano-freer.o)
                0x0000000008001568                _free_r
 .text.__malloc_lock
                0x0000000008001604        0x2 /home/wako/Ac6/SystemWorkbench/plugins/fr.ac6.mcu.externaltools.arm-none.linux64_1.15.0.201708311556/tools/compiler/bin/../lib/gcc/arm-none-eabi/6.3.1/../../../../arm-none-eabi/lib/thumb/v7e-m/fpv4-sp/hard/libc_nano.a(lib_a-mlock.o)
                0x0000000008001604                __malloc_lock
 .text.__malloc_unlock
                0x0000000008001606        0x2 /home/wako/Ac6/SystemWorkbench/plugins/fr.ac6.mcu.externaltools.arm-none.linux64_1.15.0.201708311556/tools/compiler/bin/../lib/gcc/arm-none-eabi/6.3.1/../../../../arm-none-eabi/lib/thumb/v7e-m/fpv4-sp/hard/libc_nano.a(lib_a-mlock.o)
                0x0000000008001606                __malloc_unlock
 *(.glue_7)
 .glue_7        0x0000000008001608        0x0 linker stubs
 *(.glue_7t)
 .glue_7t       0x0000000008001608        0x0 linker stubs
 *(.eh_frame)
 .eh_frame      0x0000000008001608        0x0 /home/wako/Ac6/SystemWorkbench/plugins/fr.ac6.mcu.externaltools.arm-none.linux64_1.15.0.201708311556/tools/compiler/bin/../lib/gcc/arm-none-eabi/6.3.1/thumb/v7e-m/fpv4-sp/hard/crtbegin.o
 *(.init)
 .init          0x0000000008001608        0x4 /home/wako/Ac6/SystemWorkbench/plugins/fr.ac6.mcu.externaltools.arm-none.linux64_1.15.0.201708311556/tools/compiler/bin/../lib/gcc/arm-none-eabi/6.3.1/thumb/v7e-m/fpv4-sp/hard/crti.o
                0x0000000008001608                _init
 .init          0x000000000800160c        0x8 /home/wako/Ac6/SystemWorkbench/plugins/fr.ac6.mcu.externaltools.arm-none.linux64_1.15.0.201708311556/tools/compiler/bin/../lib/gcc/arm-none-eabi/6.3.1/thumb/v7e-m/fpv4-sp/hard/crtn.o
 *(.fini)
 .fini          0x0000000008001614        0x4 /home/wako/Ac6/SystemWorkbench/plugins/fr.ac6.mcu.externaltools.arm-none.linux64_1.15.0.201708311556/tools/compiler/bin/../lib/gcc/arm-none-eabi/6.3.1/thumb/v7e-m/fpv4-sp/hard/crti.o
                0x0000000008001614                _fini
 .fini          0x0000000008001618        0x8 /home/wako/Ac6/SystemWorkbench/plugins/fr.ac6.mcu.externaltools.arm-none.linux64_1.15.0.201708311556/tools/compiler/bin/../lib/gcc/arm-none-eabi/6.3.1/thumb/v7e-m/fpv4-sp/hard/crtn.o
                0x0000000008001620                . = ALIGN (0x4)
                0x0000000008001620                _etext = .

.vfp11_veneer   0x0000000008001620        0x0
 .vfp11_veneer  0x0000000008001620        0x0 linker stubs

.v4_bx          0x0000000008001620        0x0
 .v4_bx         0x0000000008001620        0x0 linker stubs

.iplt           0x0000000008001620        0x0
 .iplt          0x0000000008001620        0x0 /home/wako/Ac6/SystemWorkbench/plugins/fr.ac6.mcu.externaltools.arm-none.linux64_1.15.0.201708311556/tools/compiler/bin/../lib/gcc/arm-none-eabi/6.3.1/thumb/v7e-m/fpv4-sp/hard/crtbegin.o

.rodata         0x0000000008001620       0x58
                0x0000000008001620                . = ALIGN (0x4)
 *(.rodata)
 .rodata        0x0000000008001620       0x10 Src/LedBlink.o
                0x0000000008001620                vtable for LedBlink
 .rodata        0x0000000008001630       0x10 Src/UsartUtility.o
                0x0000000008001630                vtable for UsartUtility
 .rodata        0x0000000008001640        0xe Src/cppwrapper.o
 *fill*         0x000000000800164e        0x2 
 .rodata        0x0000000008001650       0x18 Src/system_stm32f4xx.o
                0x0000000008001650                AHBPrescTable
                0x0000000008001660                APBPrescTable
 *(.rodata*)
 .rodata.str1.4
                0x0000000008001668       0x10 Src/main.o
                                          0xe (size before relaxing)
                0x0000000008001678                . = ALIGN (0x4)

.rel.dyn        0x0000000008001678        0x0
 .rel.iplt      0x0000000008001678        0x0 /home/wako/Ac6/SystemWorkbench/plugins/fr.ac6.mcu.externaltools.arm-none.linux64_1.15.0.201708311556/tools/compiler/bin/../lib/gcc/arm-none-eabi/6.3.1/thumb/v7e-m/fpv4-sp/hard/crtbegin.o

.ARM.extab
 *(.ARM.extab* .gnu.linkonce.armextab.*)

.ARM            0x0000000008001678        0x0
                0x0000000008001678                __exidx_start = .
 *(.ARM.exidx*)
                0x0000000008001678                __exidx_end = .

.preinit_array  0x0000000008001678        0x0
                0x0000000008001678                PROVIDE (__preinit_array_start, .)
 *(.preinit_array*)
                0x0000000008001678                PROVIDE (__preinit_array_end, .)

.init_array     0x0000000008001678        0x4
                0x0000000008001678                PROVIDE (__init_array_start, .)
 *(SORT(.init_array.*))
 *(.init_array*)
 .init_array    0x0000000008001678        0x4 /home/wako/Ac6/SystemWorkbench/plugins/fr.ac6.mcu.externaltools.arm-none.linux64_1.15.0.201708311556/tools/compiler/bin/../lib/gcc/arm-none-eabi/6.3.1/thumb/v7e-m/fpv4-sp/hard/crtbegin.o
                0x000000000800167c                PROVIDE (__init_array_end, .)

.fini_array     0x000000000800167c        0x4
                [!provide]                        PROVIDE (__fini_array_start, .)
 *(SORT(.fini_array.*))
 *(.fini_array*)
 .fini_array    0x000000000800167c        0x4 /home/wako/Ac6/SystemWorkbench/plugins/fr.ac6.mcu.externaltools.arm-none.linux64_1.15.0.201708311556/tools/compiler/bin/../lib/gcc/arm-none-eabi/6.3.1/thumb/v7e-m/fpv4-sp/hard/crtbegin.o
                [!provide]                        PROVIDE (__fini_array_end, .)
                0x0000000008001680                _sidata = LOADADDR (.data)

.data           0x0000000020000000       0x68 load address 0x0000000008001680
                0x0000000020000000                . = ALIGN (0x4)
                0x0000000020000000                _sdata = .
 *(.data)
 .data          0x0000000020000000        0x4 Src/system_stm32f4xx.o
                0x0000000020000000                SystemCoreClock
 *(.data*)
 .data._impure_ptr
                0x0000000020000004        0x4 /home/wako/Ac6/SystemWorkbench/plugins/fr.ac6.mcu.externaltools.arm-none.linux64_1.15.0.201708311556/tools/compiler/bin/../lib/gcc/arm-none-eabi/6.3.1/../../../../arm-none-eabi/lib/thumb/v7e-m/fpv4-sp/hard/libc_nano.a(lib_a-impure.o)
                0x0000000020000004                _impure_ptr
 .data.impure_data
                0x0000000020000008       0x60 /home/wako/Ac6/SystemWorkbench/plugins/fr.ac6.mcu.externaltools.arm-none.linux64_1.15.0.201708311556/tools/compiler/bin/../lib/gcc/arm-none-eabi/6.3.1/../../../../arm-none-eabi/lib/thumb/v7e-m/fpv4-sp/hard/libc_nano.a(lib_a-impure.o)
                0x0000000020000068                . = ALIGN (0x4)
                0x0000000020000068                _edata = .

.jcr            0x0000000020000068        0x0 load address 0x00000000080016e8
 .jcr           0x0000000020000068        0x0 /home/wako/Ac6/SystemWorkbench/plugins/fr.ac6.mcu.externaltools.arm-none.linux64_1.15.0.201708311556/tools/compiler/bin/../lib/gcc/arm-none-eabi/6.3.1/thumb/v7e-m/fpv4-sp/hard/crtbegin.o

.igot.plt       0x0000000020000068        0x0 load address 0x00000000080016e8
 .igot.plt      0x0000000020000068        0x0 /home/wako/Ac6/SystemWorkbench/plugins/fr.ac6.mcu.externaltools.arm-none.linux64_1.15.0.201708311556/tools/compiler/bin/../lib/gcc/arm-none-eabi/6.3.1/thumb/v7e-m/fpv4-sp/hard/crtbegin.o
                0x0000000020000068                . = ALIGN (0x4)

.bss            0x0000000020000068       0x24 load address 0x00000000080016e8
                0x0000000020000068                _sbss = .
                0x0000000020000068                __bss_start__ = _sbss
 *(.bss)
 .bss           0x0000000020000068       0x1c /home/wako/Ac6/SystemWorkbench/plugins/fr.ac6.mcu.externaltools.arm-none.linux64_1.15.0.201708311556/tools/compiler/bin/../lib/gcc/arm-none-eabi/6.3.1/thumb/v7e-m/fpv4-sp/hard/crtbegin.o
 *(.bss*)
 .bss.__malloc_free_list
                0x0000000020000084        0x4 /home/wako/Ac6/SystemWorkbench/plugins/fr.ac6.mcu.externaltools.arm-none.linux64_1.15.0.201708311556/tools/compiler/bin/../lib/gcc/arm-none-eabi/6.3.1/../../../../arm-none-eabi/lib/thumb/v7e-m/fpv4-sp/hard/libc_nano.a(lib_a-nano-mallocr.o)
                0x0000000020000084                __malloc_free_list
 *(COMMON)
 COMMON         0x0000000020000088        0x4 Drivers/STM32F4xx_HAL_Driver/Src/stm32f4xx_hal.o
                0x0000000020000088                uwTick
                0x000000002000008c                . = ALIGN (0x4)
                0x000000002000008c                _ebss = .
                0x000000002000008c                __bss_end__ = _ebss

._user_heap_stack
                0x000000002000008c      0x604 load address 0x00000000080016e8
                0x0000000020000090                . = ALIGN (0x8)
 *fill*         0x000000002000008c        0x4 
                0x0000000020000090                PROVIDE (end, .)
                [!provide]                        PROVIDE (_end, .)
                0x0000000020000290                . = (. + _Min_Heap_Size)
 *fill*         0x0000000020000090      0x200 
                0x0000000020000690                . = (. + _Min_Stack_Size)
 *fill*         0x0000000020000290      0x400 
                0x0000000020000690                . = ALIGN (0x8)

/DISCARD/
 libc.a(*)
 libm.a(*)
 libgcc.a(*)

.ARM.attributes
                0x0000000000000000       0x30
 *(.ARM.attributes)
 .ARM.attributes
                0x0000000000000000       0x22 /home/wako/Ac6/SystemWorkbench/plugins/fr.ac6.mcu.externaltools.arm-none.linux64_1.15.0.201708311556/tools/compiler/bin/../lib/gcc/arm-none-eabi/6.3.1/thumb/v7e-m/fpv4-sp/hard/crti.o
 .ARM.attributes
                0x0000000000000022       0x34 /home/wako/Ac6/SystemWorkbench/plugins/fr.ac6.mcu.externaltools.arm-none.linux64_1.15.0.201708311556/tools/compiler/bin/../lib/gcc/arm-none-eabi/6.3.1/thumb/v7e-m/fpv4-sp/hard/crtbegin.o
 .ARM.attributes
                0x0000000000000056       0x39 Drivers/STM32F4xx_HAL_Driver/Src/stm32f4xx_hal.o
 .ARM.attributes
                0x000000000000008f       0x39 Drivers/STM32F4xx_HAL_Driver/Src/stm32f4xx_hal_cortex.o
 .ARM.attributes
                0x00000000000000c8       0x39 Drivers/STM32F4xx_HAL_Driver/Src/stm32f4xx_hal_gpio.o
 .ARM.attributes
                0x0000000000000101       0x39 Drivers/STM32F4xx_HAL_Driver/Src/stm32f4xx_hal_rcc.o
 .ARM.attributes
                0x000000000000013a       0x39 Drivers/STM32F4xx_HAL_Driver/Src/stm32f4xx_hal_uart.o
 .ARM.attributes
                0x0000000000000173       0x39 Src/LedBlink.o
 .ARM.attributes
                0x00000000000001ac       0x39 Src/UsartUtility.o
 .ARM.attributes
                0x00000000000001e5       0x39 Src/cppwrapper.o
 .ARM.attributes
                0x000000000000021e       0x39 Src/main.o
 .ARM.attributes
                0x0000000000000257       0x39 Src/stm32f4xx_hal_msp.o
 .ARM.attributes
                0x0000000000000290       0x39 Src/stm32f4xx_it.o
 .ARM.attributes
                0x00000000000002c9       0x39 Src/system_stm32f4xx.o
 .ARM.attributes
                0x0000000000000302       0x21 startup/startup_stm32f401xe.o
 .ARM.attributes
                0x0000000000000323       0x34 /home/wako/Ac6/SystemWorkbench/plugins/fr.ac6.mcu.externaltools.arm-none.linux64_1.15.0.201708311556/tools/compiler/bin/../lib/gcc/arm-none-eabi/6.3.1/../../../../arm-none-eabi/lib/thumb/v7e-m/fpv4-sp/hard/libstdc++_nano.a(del_ops.o)
 .ARM.attributes
                0x0000000000000357       0x34 /home/wako/Ac6/SystemWorkbench/plugins/fr.ac6.mcu.externaltools.arm-none.linux64_1.15.0.201708311556/tools/compiler/bin/../lib/gcc/arm-none-eabi/6.3.1/../../../../arm-none-eabi/lib/thumb/v7e-m/fpv4-sp/hard/libstdc++_nano.a(del_op.o)
 .ARM.attributes
                0x000000000000038b       0x34 /home/wako/Ac6/SystemWorkbench/plugins/fr.ac6.mcu.externaltools.arm-none.linux64_1.15.0.201708311556/tools/compiler/bin/../lib/gcc/arm-none-eabi/6.3.1/../../../../arm-none-eabi/lib/thumb/v7e-m/fpv4-sp/hard/libc_nano.a(lib_a-impure.o)
 .ARM.attributes
                0x00000000000003bf       0x34 /home/wako/Ac6/SystemWorkbench/plugins/fr.ac6.mcu.externaltools.arm-none.linux64_1.15.0.201708311556/tools/compiler/bin/../lib/gcc/arm-none-eabi/6.3.1/../../../../arm-none-eabi/lib/thumb/v7e-m/fpv4-sp/hard/libc_nano.a(lib_a-init.o)
 .ARM.attributes
                0x00000000000003f3       0x34 /home/wako/Ac6/SystemWorkbench/plugins/fr.ac6.mcu.externaltools.arm-none.linux64_1.15.0.201708311556/tools/compiler/bin/../lib/gcc/arm-none-eabi/6.3.1/../../../../arm-none-eabi/lib/thumb/v7e-m/fpv4-sp/hard/libc_nano.a(lib_a-malloc.o)
 .ARM.attributes
                0x0000000000000427       0x34 /home/wako/Ac6/SystemWorkbench/plugins/fr.ac6.mcu.externaltools.arm-none.linux64_1.15.0.201708311556/tools/compiler/bin/../lib/gcc/arm-none-eabi/6.3.1/../../../../arm-none-eabi/lib/thumb/v7e-m/fpv4-sp/hard/libc_nano.a(lib_a-nano-freer.o)
 .ARM.attributes
                0x000000000000045b       0x34 /home/wako/Ac6/SystemWorkbench/plugins/fr.ac6.mcu.externaltools.arm-none.linux64_1.15.0.201708311556/tools/compiler/bin/../lib/gcc/arm-none-eabi/6.3.1/../../../../arm-none-eabi/lib/thumb/v7e-m/fpv4-sp/hard/libc_nano.a(lib_a-nano-mallocr.o)
 .ARM.attributes
                0x000000000000048f       0x34 /home/wako/Ac6/SystemWorkbench/plugins/fr.ac6.mcu.externaltools.arm-none.linux64_1.15.0.201708311556/tools/compiler/bin/../lib/gcc/arm-none-eabi/6.3.1/../../../../arm-none-eabi/lib/thumb/v7e-m/fpv4-sp/hard/libc_nano.a(lib_a-mlock.o)
 .ARM.attributes
                0x00000000000004c3       0x22 /home/wako/Ac6/SystemWorkbench/plugins/fr.ac6.mcu.externaltools.arm-none.linux64_1.15.0.201708311556/tools/compiler/bin/../lib/gcc/arm-none-eabi/6.3.1/thumb/v7e-m/fpv4-sp/hard/crtn.o
OUTPUT(Uart.elf elf32-littlearm)

.debug_info     0x0000000000000000     0xcf94
 .debug_info    0x0000000000000000     0x112c Drivers/STM32F4xx_HAL_Driver/Src/stm32f4xx_hal.o
 .debug_info    0x000000000000112c     0x16c4 Drivers/STM32F4xx_HAL_Driver/Src/stm32f4xx_hal_cortex.o
 .debug_info    0x00000000000027f0      0xfc0 Drivers/STM32F4xx_HAL_Driver/Src/stm32f4xx_hal_gpio.o
 .debug_info    0x00000000000037b0     0x152a Drivers/STM32F4xx_HAL_Driver/Src/stm32f4xx_hal_rcc.o
 .debug_info    0x0000000000004cda     0x1f15 Drivers/STM32F4xx_HAL_Driver/Src/stm32f4xx_hal_uart.o
 .debug_info    0x0000000000006bef      0xbaf Src/LedBlink.o
 .debug_info    0x000000000000779e     0x1075 Src/UsartUtility.o
 .debug_info    0x0000000000008813      0xa4f Src/cppwrapper.o
 .debug_info    0x0000000000009262     0x122d Src/main.o
 .debug_info    0x000000000000a48f     0x13b8 Src/stm32f4xx_hal_msp.o
 .debug_info    0x000000000000b847      0x982 Src/stm32f4xx_it.o
 .debug_info    0x000000000000c1c9      0xd5a Src/system_stm32f4xx.o
 .debug_info    0x000000000000cf23       0x71 startup/startup_stm32f401xe.o

.debug_abbrev   0x0000000000000000     0x2192
 .debug_abbrev  0x0000000000000000      0x347 Drivers/STM32F4xx_HAL_Driver/Src/stm32f4xx_hal.o
 .debug_abbrev  0x0000000000000347      0x3d4 Drivers/STM32F4xx_HAL_Driver/Src/stm32f4xx_hal_cortex.o
 .debug_abbrev  0x000000000000071b      0x2a5 Drivers/STM32F4xx_HAL_Driver/Src/stm32f4xx_hal_gpio.o
 .debug_abbrev  0x00000000000009c0      0x370 Drivers/STM32F4xx_HAL_Driver/Src/stm32f4xx_hal_rcc.o
 .debug_abbrev  0x0000000000000d30      0x342 Drivers/STM32F4xx_HAL_Driver/Src/stm32f4xx_hal_uart.o
 .debug_abbrev  0x0000000000001072      0x2e8 Src/LedBlink.o
 .debug_abbrev  0x000000000000135a      0x346 Src/UsartUtility.o
 .debug_abbrev  0x00000000000016a0      0x200 Src/cppwrapper.o
 .debug_abbrev  0x00000000000018a0      0x2a9 Src/main.o
 .debug_abbrev  0x0000000000001b49      0x252 Src/stm32f4xx_hal_msp.o
 .debug_abbrev  0x0000000000001d9b      0x1e0 Src/stm32f4xx_it.o
 .debug_abbrev  0x0000000000001f7b      0x205 Src/system_stm32f4xx.o
 .debug_abbrev  0x0000000000002180       0x12 startup/startup_stm32f401xe.o

.debug_loc      0x0000000000000000     0x2695
 .debug_loc     0x0000000000000000       0x91 Drivers/STM32F4xx_HAL_Driver/Src/stm32f4xx_hal.o
 .debug_loc     0x0000000000000091      0x5ce Drivers/STM32F4xx_HAL_Driver/Src/stm32f4xx_hal_cortex.o
 .debug_loc     0x000000000000065f      0x430 Drivers/STM32F4xx_HAL_Driver/Src/stm32f4xx_hal_gpio.o
 .debug_loc     0x0000000000000a8f      0x53b Drivers/STM32F4xx_HAL_Driver/Src/stm32f4xx_hal_rcc.o
 .debug_loc     0x0000000000000fca     0x1532 Drivers/STM32F4xx_HAL_Driver/Src/stm32f4xx_hal_uart.o
 .debug_loc     0x00000000000024fc       0x5b Src/stm32f4xx_hal_msp.o
 .debug_loc     0x0000000000002557      0x13e Src/system_stm32f4xx.o

.debug_aranges  0x0000000000000000      0x598
 .debug_aranges
                0x0000000000000000       0xc8 Drivers/STM32F4xx_HAL_Driver/Src/stm32f4xx_hal.o
 .debug_aranges
                0x00000000000000c8       0xa8 Drivers/STM32F4xx_HAL_Driver/Src/stm32f4xx_hal_cortex.o
 .debug_aranges
                0x0000000000000170       0x58 Drivers/STM32F4xx_HAL_Driver/Src/stm32f4xx_hal_gpio.o
 .debug_aranges
                0x00000000000001c8       0x88 Drivers/STM32F4xx_HAL_Driver/Src/stm32f4xx_hal_rcc.o
 .debug_aranges
                0x0000000000000250      0x1d0 Drivers/STM32F4xx_HAL_Driver/Src/stm32f4xx_hal_uart.o
 .debug_aranges
                0x0000000000000420       0x38 Src/LedBlink.o
 .debug_aranges
                0x0000000000000458       0x48 Src/UsartUtility.o
 .debug_aranges
                0x00000000000004a0       0x20 Src/cppwrapper.o
 .debug_aranges
                0x00000000000004c0       0x38 Src/main.o
 .debug_aranges
                0x00000000000004f8       0x30 Src/stm32f4xx_hal_msp.o
 .debug_aranges
                0x0000000000000528       0x20 Src/stm32f4xx_it.o
 .debug_aranges
                0x0000000000000548       0x28 Src/system_stm32f4xx.o
 .debug_aranges
                0x0000000000000570       0x28 startup/startup_stm32f401xe.o

.debug_ranges   0x0000000000000000      0x530
 .debug_ranges  0x0000000000000000       0xb8 Drivers/STM32F4xx_HAL_Driver/Src/stm32f4xx_hal.o
 .debug_ranges  0x00000000000000b8       0xf8 Drivers/STM32F4xx_HAL_Driver/Src/stm32f4xx_hal_cortex.o
 .debug_ranges  0x00000000000001b0       0x48 Drivers/STM32F4xx_HAL_Driver/Src/stm32f4xx_hal_gpio.o
 .debug_ranges  0x00000000000001f8       0x78 Drivers/STM32F4xx_HAL_Driver/Src/stm32f4xx_hal_rcc.o
 .debug_ranges  0x0000000000000270      0x1c0 Drivers/STM32F4xx_HAL_Driver/Src/stm32f4xx_hal_uart.o
 .debug_ranges  0x0000000000000430       0x28 Src/LedBlink.o
 .debug_ranges  0x0000000000000458       0x38 Src/UsartUtility.o
 .debug_ranges  0x0000000000000490       0x10 Src/cppwrapper.o
 .debug_ranges  0x00000000000004a0       0x28 Src/main.o
 .debug_ranges  0x00000000000004c8       0x20 Src/stm32f4xx_hal_msp.o
 .debug_ranges  0x00000000000004e8       0x10 Src/stm32f4xx_it.o
 .debug_ranges  0x00000000000004f8       0x18 Src/system_stm32f4xx.o
 .debug_ranges  0x0000000000000510       0x20 startup/startup_stm32f401xe.o

.debug_macro    0x0000000000000000    0x17a6d
 .debug_macro   0x0000000000000000      0x360 Drivers/STM32F4xx_HAL_Driver/Src/stm32f4xx_hal.o
 .debug_macro   0x0000000000000360      0x8bc Drivers/STM32F4xx_HAL_Driver/Src/stm32f4xx_hal.o
 .debug_macro   0x0000000000000c1c       0x64 Drivers/STM32F4xx_HAL_Driver/Src/stm32f4xx_hal.o
 .debug_macro   0x0000000000000c80      0x17a Drivers/STM32F4xx_HAL_Driver/Src/stm32f4xx_hal.o
 .debug_macro   0x0000000000000dfa       0x33 Drivers/STM32F4xx_HAL_Driver/Src/stm32f4xx_hal.o
 .debug_macro   0x0000000000000e2d       0x28 Drivers/STM32F4xx_HAL_Driver/Src/stm32f4xx_hal.o
 .debug_macro   0x0000000000000e55       0x22 Drivers/STM32F4xx_HAL_Driver/Src/stm32f4xx_hal.o
 .debug_macro   0x0000000000000e77       0x87 Drivers/STM32F4xx_HAL_Driver/Src/stm32f4xx_hal.o
 .debug_macro   0x0000000000000efe       0x51 Drivers/STM32F4xx_HAL_Driver/Src/stm32f4xx_hal.o
 .debug_macro   0x0000000000000f4f       0xef Drivers/STM32F4xx_HAL_Driver/Src/stm32f4xx_hal.o
 .debug_macro   0x000000000000103e       0x6a Drivers/STM32F4xx_HAL_Driver/Src/stm32f4xx_hal.o
 .debug_macro   0x00000000000010a8      0x1df Drivers/STM32F4xx_HAL_Driver/Src/stm32f4xx_hal.o
 .debug_macro   0x0000000000001287       0x35 Drivers/STM32F4xx_HAL_Driver/Src/stm32f4xx_hal.o
 .debug_macro   0x00000000000012bc       0x50 Drivers/STM32F4xx_HAL_Driver/Src/stm32f4xx_hal.o
 .debug_macro   0x000000000000130c      0xe66 Drivers/STM32F4xx_HAL_Driver/Src/stm32f4xx_hal.o
 .debug_macro   0x0000000000002172     0xb81f Drivers/STM32F4xx_HAL_Driver/Src/stm32f4xx_hal.o
 .debug_macro   0x000000000000d991       0x43 Drivers/STM32F4xx_HAL_Driver/Src/stm32f4xx_hal.o
 .debug_macro   0x000000000000d9d4     0x3574 Drivers/STM32F4xx_HAL_Driver/Src/stm32f4xx_hal.o
 .debug_macro   0x0000000000010f48       0x58 Drivers/STM32F4xx_HAL_Driver/Src/stm32f4xx_hal.o
 .debug_macro   0x0000000000010fa0       0x35 Drivers/STM32F4xx_HAL_Driver/Src/stm32f4xx_hal.o
 .debug_macro   0x0000000000010fd5       0x9c Drivers/STM32F4xx_HAL_Driver/Src/stm32f4xx_hal.o
 .debug_macro   0x0000000000011071       0x16 Drivers/STM32F4xx_HAL_Driver/Src/stm32f4xx_hal.o
 .debug_macro   0x0000000000011087       0x97 Drivers/STM32F4xx_HAL_Driver/Src/stm32f4xx_hal.o
 .debug_macro   0x000000000001111e      0x330 Drivers/STM32F4xx_HAL_Driver/Src/stm32f4xx_hal.o
 .debug_macro   0x000000000001144e       0xfd Drivers/STM32F4xx_HAL_Driver/Src/stm32f4xx_hal.o
 .debug_macro   0x000000000001154b       0x10 Drivers/STM32F4xx_HAL_Driver/Src/stm32f4xx_hal.o
 .debug_macro   0x000000000001155b       0x58 Drivers/STM32F4xx_HAL_Driver/Src/stm32f4xx_hal.o
 .debug_macro   0x00000000000115b3       0x1f Drivers/STM32F4xx_HAL_Driver/Src/stm32f4xx_hal.o
 .debug_macro   0x00000000000115d2       0x43 Drivers/STM32F4xx_HAL_Driver/Src/stm32f4xx_hal.o
 .debug_macro   0x0000000000011615       0x20 Drivers/STM32F4xx_HAL_Driver/Src/stm32f4xx_hal.o
 .debug_macro   0x0000000000011635      0x187 Drivers/STM32F4xx_HAL_Driver/Src/stm32f4xx_hal.o
 .debug_macro   0x00000000000117bc       0x10 Drivers/STM32F4xx_HAL_Driver/Src/stm32f4xx_hal.o
 .debug_macro   0x00000000000117cc       0x1c Drivers/STM32F4xx_HAL_Driver/Src/stm32f4xx_hal.o
 .debug_macro   0x00000000000117e8       0x52 Drivers/STM32F4xx_HAL_Driver/Src/stm32f4xx_hal.o
 .debug_macro   0x000000000001183a       0x40 Drivers/STM32F4xx_HAL_Driver/Src/stm32f4xx_hal.o
 .debug_macro   0x000000000001187a       0x10 Drivers/STM32F4xx_HAL_Driver/Src/stm32f4xx_hal.o
 .debug_macro   0x000000000001188a       0x40 Drivers/STM32F4xx_HAL_Driver/Src/stm32f4xx_hal.o
 .debug_macro   0x00000000000118ca       0xd7 Drivers/STM32F4xx_HAL_Driver/Src/stm32f4xx_hal.o
 .debug_macro   0x00000000000119a1       0x16 Drivers/STM32F4xx_HAL_Driver/Src/stm32f4xx_hal.o
 .debug_macro   0x00000000000119b7      0x18b Drivers/STM32F4xx_HAL_Driver/Src/stm32f4xx_hal.o
 .debug_macro   0x0000000000011b42       0x50 Drivers/STM32F4xx_HAL_Driver/Src/stm32f4xx_hal.o
 .debug_macro   0x0000000000011b92      0x416 Drivers/STM32F4xx_HAL_Driver/Src/stm32f4xx_hal.o
 .debug_macro   0x0000000000011fa8      0x9e1 Drivers/STM32F4xx_HAL_Driver/Src/stm32f4xx_hal.o
 .debug_macro   0x0000000000012989      0x11e Drivers/STM32F4xx_HAL_Driver/Src/stm32f4xx_hal.o
 .debug_macro   0x0000000000012aa7       0xf8 Drivers/STM32F4xx_HAL_Driver/Src/stm32f4xx_hal.o
 .debug_macro   0x0000000000012b9f       0x27 Drivers/STM32F4xx_HAL_Driver/Src/stm32f4xx_hal.o
 .debug_macro   0x0000000000012bc6      0x287 Drivers/STM32F4xx_HAL_Driver/Src/stm32f4xx_hal.o
 .debug_macro   0x0000000000012e4d       0x5f Drivers/STM32F4xx_HAL_Driver/Src/stm32f4xx_hal.o
 .debug_macro   0x0000000000012eac      0x23a Drivers/STM32F4xx_HAL_Driver/Src/stm32f4xx_hal.o
 .debug_macro   0x00000000000130e6      0x13a Drivers/STM32F4xx_HAL_Driver/Src/stm32f4xx_hal.o
 .debug_macro   0x0000000000013220      0x264 Drivers/STM32F4xx_HAL_Driver/Src/stm32f4xx_hal.o
 .debug_macro   0x0000000000013484       0x2e Drivers/STM32F4xx_HAL_Driver/Src/stm32f4xx_hal.o
 .debug_macro   0x00000000000134b2      0x11e Drivers/STM32F4xx_HAL_Driver/Src/stm32f4xx_hal.o
 .debug_macro   0x00000000000135d0       0x85 Drivers/STM32F4xx_HAL_Driver/Src/stm32f4xx_hal.o
 .debug_macro   0x0000000000013655       0x89 Drivers/STM32F4xx_HAL_Driver/Src/stm32f4xx_hal.o
 .debug_macro   0x00000000000136de      0x287 Drivers/STM32F4xx_HAL_Driver/Src/stm32f4xx_hal.o
 .debug_macro   0x0000000000013965      0x11e Drivers/STM32F4xx_HAL_Driver/Src/stm32f4xx_hal.o
 .debug_macro   0x0000000000013a83      0x300 Drivers/STM32F4xx_HAL_Driver/Src/stm32f4xx_hal_cortex.o
 .debug_macro   0x0000000000013d83      0x338 Drivers/STM32F4xx_HAL_Driver/Src/stm32f4xx_hal_gpio.o
 .debug_macro   0x00000000000140bb      0x32a Drivers/STM32F4xx_HAL_Driver/Src/stm32f4xx_hal_rcc.o
 .debug_macro   0x00000000000143e5      0x301 Drivers/STM32F4xx_HAL_Driver/Src/stm32f4xx_hal_uart.o
 .debug_macro   0x00000000000146e6      0x30f Src/LedBlink.o
 .debug_macro   0x00000000000149f5      0x98e Src/LedBlink.o
 .debug_macro   0x0000000000015383       0x1c Src/LedBlink.o
 .debug_macro   0x000000000001539f      0xe66 Src/LedBlink.o
 .debug_macro   0x0000000000016205       0x9c Src/LedBlink.o
 .debug_macro   0x00000000000162a1       0x97 Src/LedBlink.o
 .debug_macro   0x0000000000016338      0x353 Src/LedBlink.o
 .debug_macro   0x000000000001668b      0x104 Src/LedBlink.o
 .debug_macro   0x000000000001678f       0x43 Src/LedBlink.o
 .debug_macro   0x00000000000167d2      0x30f Src/UsartUtility.o
 .debug_macro   0x0000000000016ae1      0x32c Src/cppwrapper.o
 .debug_macro   0x0000000000016e0d       0x4c Src/cppwrapper.o
 .debug_macro   0x0000000000016e59      0x304 Src/main.o
 .debug_macro   0x000000000001715d      0x300 Src/stm32f4xx_hal_msp.o
 .debug_macro   0x000000000001745d      0x30a Src/stm32f4xx_it.o
 .debug_macro   0x0000000000017767      0x306 Src/system_stm32f4xx.o

.debug_line     0x0000000000000000     0x6e97
 .debug_line    0x0000000000000000      0x944 Drivers/STM32F4xx_HAL_Driver/Src/stm32f4xx_hal.o
 .debug_line    0x0000000000000944      0x9b1 Drivers/STM32F4xx_HAL_Driver/Src/stm32f4xx_hal_cortex.o
 .debug_line    0x00000000000012f5      0x907 Drivers/STM32F4xx_HAL_Driver/Src/stm32f4xx_hal_gpio.o
 .debug_line    0x0000000000001bfc      0xaaa Drivers/STM32F4xx_HAL_Driver/Src/stm32f4xx_hal_rcc.o
 .debug_line    0x00000000000026a6     0x109f Drivers/STM32F4xx_HAL_Driver/Src/stm32f4xx_hal_uart.o
 .debug_line    0x0000000000003745      0x7ce Src/LedBlink.o
 .debug_line    0x0000000000003f13      0x804 Src/UsartUtility.o
 .debug_line    0x0000000000004717      0x7e3 Src/cppwrapper.o
 .debug_line    0x0000000000004efa      0x7ee Src/main.o
 .debug_line    0x00000000000056e8      0x7ca Src/stm32f4xx_hal_msp.o
 .debug_line    0x0000000000005eb2      0x7a1 Src/stm32f4xx_it.o
 .debug_line    0x0000000000006653      0x7c5 Src/system_stm32f4xx.o
 .debug_line    0x0000000000006e18       0x7f startup/startup_stm32f401xe.o

.debug_str      0x0000000000000000    0x7f9e1
 .debug_str     0x0000000000000000    0x7db06 Drivers/STM32F4xx_HAL_Driver/Src/stm32f4xx_hal.o
                                      0x7ded3 (size before relaxing)
 .debug_str     0x000000000007db06      0x3ae Drivers/STM32F4xx_HAL_Driver/Src/stm32f4xx_hal_cortex.o
                                      0x7dc87 (size before relaxing)
 .debug_str     0x000000000007deb4      0x285 Drivers/STM32F4xx_HAL_Driver/Src/stm32f4xx_hal_gpio.o
                                      0x7d78e (size before relaxing)
 .debug_str     0x000000000007e139      0x380 Drivers/STM32F4xx_HAL_Driver/Src/stm32f4xx_hal_rcc.o
                                      0x7d95f (size before relaxing)
 .debug_str     0x000000000007e4b9      0x8ae Drivers/STM32F4xx_HAL_Driver/Src/stm32f4xx_hal_uart.o
                                      0x7ddc1 (size before relaxing)
 .debug_str     0x000000000007ed67      0x822 Src/LedBlink.o
                                      0x7d96c (size before relaxing)
 .debug_str     0x000000000007f589      0x205 Src/UsartUtility.o
                                      0x7de5b (size before relaxing)
 .debug_str     0x000000000007f78e      0x164 Src/cppwrapper.o
                                      0x7d9ea (size before relaxing)
 .debug_str     0x000000000007f8f2       0x42 Src/main.o
                                      0x7daf6 (size before relaxing)
 .debug_str     0x000000000007f934       0x1b Src/stm32f4xx_hal_msp.o
                                      0x7dd22 (size before relaxing)
 .debug_str     0x000000000007f94f       0x38 Src/stm32f4xx_it.o
                                      0x7d3d8 (size before relaxing)
 .debug_str     0x000000000007f987       0x5a Src/system_stm32f4xx.o
                                      0x7d54a (size before relaxing)

.comment        0x0000000000000000       0x7f
 .comment       0x0000000000000000       0x7f Drivers/STM32F4xx_HAL_Driver/Src/stm32f4xx_hal.o
                                         0x80 (size before relaxing)
 .comment       0x000000000000007f       0x80 Drivers/STM32F4xx_HAL_Driver/Src/stm32f4xx_hal_cortex.o
 .comment       0x000000000000007f       0x80 Drivers/STM32F4xx_HAL_Driver/Src/stm32f4xx_hal_gpio.o
 .comment       0x000000000000007f       0x80 Drivers/STM32F4xx_HAL_Driver/Src/stm32f4xx_hal_rcc.o
 .comment       0x000000000000007f       0x80 Drivers/STM32F4xx_HAL_Driver/Src/stm32f4xx_hal_uart.o
 .comment       0x000000000000007f       0x80 Src/LedBlink.o
 .comment       0x000000000000007f       0x80 Src/UsartUtility.o
 .comment       0x000000000000007f       0x80 Src/cppwrapper.o
 .comment       0x000000000000007f       0x80 Src/main.o
 .comment       0x000000000000007f       0x80 Src/stm32f4xx_hal_msp.o
 .comment       0x000000000000007f       0x80 Src/stm32f4xx_it.o
 .comment       0x000000000000007f       0x80 Src/system_stm32f4xx.o

.debug_frame    0x0000000000000000      0xe08
 .debug_frame   0x0000000000000000      0x198 Drivers/STM32F4xx_HAL_Driver/Src/stm32f4xx_hal.o
 .debug_frame   0x0000000000000198      0x15c Drivers/STM32F4xx_HAL_Driver/Src/stm32f4xx_hal_cortex.o
 .debug_frame   0x00000000000002f4       0xd0 Drivers/STM32F4xx_HAL_Driver/Src/stm32f4xx_hal_gpio.o
 .debug_frame   0x00000000000003c4      0x13c Drivers/STM32F4xx_HAL_Driver/Src/stm32f4xx_hal_rcc.o
 .debug_frame   0x0000000000000500      0x4e8 Drivers/STM32F4xx_HAL_Driver/Src/stm32f4xx_hal_uart.o
 .debug_frame   0x00000000000009e8       0xa8 Src/LedBlink.o
 .debug_frame   0x0000000000000a90       0xec Src/UsartUtility.o
 .debug_frame   0x0000000000000b7c       0x30 Src/cppwrapper.o
 .debug_frame   0x0000000000000bac       0x78 Src/main.o
 .debug_frame   0x0000000000000c24       0x5c Src/stm32f4xx_hal_msp.o
 .debug_frame   0x0000000000000c80       0x28 Src/stm32f4xx_it.o
 .debug_frame   0x0000000000000ca8       0x30 Src/system_stm32f4xx.o
 .debug_frame   0x0000000000000cd8       0x20 /home/wako/Ac6/SystemWorkbench/plugins/fr.ac6.mcu.externaltools.arm-none.linux64_1.15.0.201708311556/tools/compiler/bin/../lib/gcc/arm-none-eabi/6.3.1/../../../../arm-none-eabi/lib/thumb/v7e-m/fpv4-sp/hard/libstdc++_nano.a(del_ops.o)
 .debug_frame   0x0000000000000cf8       0x20 /home/wako/Ac6/SystemWorkbench/plugins/fr.ac6.mcu.externaltools.arm-none.linux64_1.15.0.201708311556/tools/compiler/bin/../lib/gcc/arm-none-eabi/6.3.1/../../../../arm-none-eabi/lib/thumb/v7e-m/fpv4-sp/hard/libstdc++_nano.a(del_op.o)
 .debug_frame   0x0000000000000d18       0x2c /home/wako/Ac6/SystemWorkbench/plugins/fr.ac6.mcu.externaltools.arm-none.linux64_1.15.0.201708311556/tools/compiler/bin/../lib/gcc/arm-none-eabi/6.3.1/../../../../arm-none-eabi/lib/thumb/v7e-m/fpv4-sp/hard/libc_nano.a(lib_a-init.o)
 .debug_frame   0x0000000000000d44       0x30 /home/wako/Ac6/SystemWorkbench/plugins/fr.ac6.mcu.externaltools.arm-none.linux64_1.15.0.201708311556/tools/compiler/bin/../lib/gcc/arm-none-eabi/6.3.1/../../../../arm-none-eabi/lib/thumb/v7e-m/fpv4-sp/hard/libc_nano.a(lib_a-malloc.o)
 .debug_frame   0x0000000000000d74       0x38 /home/wako/Ac6/SystemWorkbench/plugins/fr.ac6.mcu.externaltools.arm-none.linux64_1.15.0.201708311556/tools/compiler/bin/../lib/gcc/arm-none-eabi/6.3.1/../../../../arm-none-eabi/lib/thumb/v7e-m/fpv4-sp/hard/libc_nano.a(lib_a-nano-freer.o)
 .debug_frame   0x0000000000000dac       0x2c /home/wako/Ac6/SystemWorkbench/plugins/fr.ac6.mcu.externaltools.arm-none.linux64_1.15.0.201708311556/tools/compiler/bin/../lib/gcc/arm-none-eabi/6.3.1/../../../../arm-none-eabi/lib/thumb/v7e-m/fpv4-sp/hard/libc_nano.a(lib_a-nano-mallocr.o)
 .debug_frame   0x0000000000000dd8       0x30 /home/wako/Ac6/SystemWorkbench/plugins/fr.ac6.mcu.externaltools.arm-none.linux64_1.15.0.201708311556/tools/compiler/bin/../lib/gcc/arm-none-eabi/6.3.1/../../../../arm-none-eabi/lib/thumb/v7e-m/fpv4-sp/hard/libc_nano.a(lib_a-mlock.o)
